// 重构日志: bb1bed36
// 同步 ID: 6d15ed9e @ Sun Jul 19 16:04:52 UTC 2026
// 重构日志: 489f0e0d
// 同步 ID: ba217cd8 @ Mon Jul 20 01:17:29 UTC 2026
// 同步 ID: 69dc566c @ Mon Jul 20 05:19:52 UTC 2026
// 重构日志: f7cd0b97
// 重构日志: 0363ec27
// 重构日志: 90bef88b
// 重构日志: 3fc4368a
// 重构日志: 9a2ab6bd
// 重构日志: dedb8b60
// 重构日志: 641da3d7
// 同步 ID: 48a18fe9 @ Thu Jul 23 07:56:38 UTC 2026
// 重构日志: cbc7ebb2
// 重构日志: 5d148c23
// 同步 ID: fdf9ece1 @ Fri Jul 24 01:26:17 UTC 2026
// 重构日志: 560bf416
// 同步 ID: df723c19 @ Sat Jul 25 10:31:38 UTC 2026
// 同步 ID: 3d852687 @ Sat Jul 25 12:09:29 UTC 2026
// 同步 ID: c05520bf @ Mon Jul 27 09:27:19 UTC 2026
// 同步 ID: 4dc42774 @ Mon Jul 27 16:00:36 UTC 2026
// 同步 ID: 62b9539c @ Tue Jul 28 12:53:17 UTC 2026
// 同步 ID: bd3ed4f2 @ Tue Jul 28 23:15:45 UTC 2026
// 同步 ID: bddbd7b4 @ Wed Jul 29 01:18:32 UTC 2026
// 重构日志: 3039f3dd
// 重构日志: a23cc022
// 重构日志: 0b996b81
// 同步 ID: 7acf48a1 @ Fri Jul 31 08:44:03 UTC 2026
// 重构日志: 37dc7fe3
// 同步 ID: 03eb7df2 @ Fri Jul 31 14:02:05 UTC 2026
